// Jest Snapshot v1, https://goo.gl/fbAQLP

exports[`<ForgotPassword /> renders correctly 1`] = `
<View
  style={
    Object {
      "flex": 1,
    }
  }
>
  <ViewManagerAdapter_ExpoLinearGradient
    proxiedProperties={
      Object {
        "colors": Array [
          4289198296,
          4283231449,
          4279833944,
          4279304248,
        ],
        "endPoint": undefined,
        "locations": Array [
          0,
          0.1,
          0.8,
          1,
        ],
        "startPoint": undefined,
      }
    }
    style={
      Object {
        "flex": 1,
      }
    }
  >
    <Text>
      Forgot Password
    </Text>
  </ViewManagerAdapter_ExpoLinearGradient>
</View>
`;
